// Jest Snapshot v1, https://goo.gl/fbAQLP

exports[`Test Navigation renders correctly 1`] = `
<nav>
  <div
    id="navbar"
  >
    <header>
      <h1
        id="header"
      >
        <a
          href="/"
          onClick={[Function]}
        >
          Foodieland
          <span
            className="text-[#ff6363]"
          >
            .
          </span>
        </a>
      </h1>
    </header>
    <ul
      className="nav-links"
    >
      <li>
        <a
          href="/"
          onClick={[Function]}
        >
          Home
        </a>
      </li>
      <li>
        <a
          href="/recipes"
          onClick={[Function]}
        >
          Recipes
        </a>
      </li>
      <li>
        <a
          href="/blog"
          onClick={[Function]}
        >
          Blog
        </a>
      </li>
      <li>
        <a
          href="/contact"
          onClick={[Function]}
        >
          Contact
        </a>
      </li>
      <li>
        <a
          href="/about"
          onClick={[Function]}
        >
          About us
        </a>
      </li>
    </ul>
    <ul
      className="nav-links"
    >
      <li>
        <a
          href=""
        >
          <img
            src="001-facebook.svg"
          />
        </a>
      </li>
      <li>
        <a
          href=""
        >
          <img
            src="003-twitter.svg"
          />
        </a>
      </li>
      <li>
        <a
          href=""
        >
          <img
            src="instagram.svg"
          />
        </a>
      </li>
    </ul>
  </div>
</nav>
`;
